// Jest Snapshot v1, https://goo.gl/fbAQLP

exports[`Preloader should render correctly 1`] = `
<div
  className="preloaderWrapper"
>
  <div
    className="preloader-wrapper small active"
  >
    <div
      className="spinner-layer spinner-green-only"
    >
      <div
        className="circle-clipper left"
      >
        <div
          className="circle"
        />
      </div>
      <div
        className="gap-patch"
      >
        <div
          className="circle"
        />
      </div>
      <div
        className="circle-clipper right"
      >
        <div
          className="circle"
        />
      </div>
    </div>
  </div>
</div>
`;

exports[`RepositoryItem should render correctly 1`] = `
<tr>
  <td />
  <td />
  <td />
  <td />
  <td>
     kb
  </td>
</tr>
`;

exports[`Sign In should render correctly 1`] = `
<form
  className="signin_form"
  onSubmit={[Function]}
>
  <input
    name="githubToken"
    placeholder="Github token"
    type="text"
  />
  <button
    className="waves-effect waves-light btn"
    name="submitButton"
    type="submit"
  >
    Submit
  </button>
</form>
`;
